                   	seqs	aligns
             total:	1	2
     drop minCover:	1	1
              kept:	1	1
