                   	seqs	aligns
             total:	5	5
     drop min size:	3	3
              kept:	2	2
