#notmess	not0	not1	notEmpty	mess3	mess3a	mess2end	mess_mid	letMes	x	id	less_messy	mangled_date	messy
false	true	false	true	big messy string	big messy string	messy parts	messy very messy with	mes	very complex	tidy string	string messy	DATE_2015_04_14	big messy string messy very messy with many messy parts
