Q6GZX4	1
Q6GZX4	2
Q6GZX4	3
Q6GZX4	4
Q6GZX3	5
Q6GZX3	6
Q6GZX3	2
Q6GZX3	7
Q6GZX3	8
Q197F8	2
Q197F7	2
Q6GZX2	2
Q6GZX2	9
Q6GZX1	5
Q6GZX1	6
Q6GZX1	2
Q6GZX1	7
Q6GZX1	8
Q197F5	2
Q197F5	9
Q6GZX0	2
Q91G88	10
Q91G88	2
Q6GZW9	2
Q6GZW8	2
Q197F3	2
Q197F2	2
Q6GZW6	11
Q6GZW6	12
Q6GZW6	13
Q6GZW6	14
Q6GZW6	2
Q91G85	2
Q91G85	9
Q6GZW5	5
Q6GZW5	6
Q6GZW5	2
Q6GZW5	7
Q6GZW5	8
Q197E9	2
Q6GZW4	5
Q6GZW4	6
Q6GZW4	2
Q6GZW4	7
Q6GZW4	8
