Q6GZX4	654924
Q6GZX3	654924
Q197F8	345201
Q197F7	345201
Q6GZX2	654924
Q6GZX1	654924
Q197F5	345201
Q6GZX0	654924
Q91G88	176652
Q6GZW9	654924
Q6GZW8	654924
Q197F3	345201
Q197F2	345201
Q6GZW6	654924
Q91G85	176652
Q6GZW5	654924
Q197E9	345201
Q6GZW4	654924
