1	Tan W.G.
2	Barkman T.J.
3	Gregory Chinchar V.
4	Essani K.
5	Delhon G.
6	Tulman E.R.
7	Afonso C.L.
8	Lu Z.
9	Becnel J.J.
10	Moser B.A.
11	Kutish G.F.
12	Rock D.L.
13	Jakob N.J.
14	Mueller K.
15	Bahr U.
16	Darai G.
17	Eaton H.E.
18	Metcalf J.
19	Penny E.
20	Tcherepanov V.
21	Upton C.
22	Brunetti C.R.
23	Tan W.G.H.
24	Chinchar V.G.
