1	Q6GZX4	1	1
2	Q6GZX3	1	1
3	Q197F8	2	1
4	Q197F7	2	1
5	Q6GZX2	1	1
6	Q6GZX1	1	1
7	Q197F5	2	1
8	Q6GZX0	1	1
9	Q91G88	3	1
10	Q91G88	4	2
11	Q6GZW9	1	1
12	Q6GZW8	1	1
13	Q197F3	2	1
14	Q197F2	2	1
15	Q6GZW6	1	1
16	Q91G85	3	1
17	Q91G85	4	2
18	Q6GZW5	1	1
19	Q197E9	2	1
20	Q6GZW4	1	1
21	Q6GZW4	5	1
