Q6GZX4	MAFSAEDVLKEYDRRRRMEALLLSLYYPNDRKLLDYKEWSPPRVQVECPKAPVEWNNPPSEKGLIVGHFSGIKYKGEKAQASEVDVNKMCCWVSKFKDAMRRYQGIQTCKIPGKVLSDLDAKIKAYNLTVEGVEGFVRYSRVTKQHVAAFLKELRHSKQYENVNLIHYILTDKRVDIQHLEKDLVKDFKALVESAHRMRQGHMINVKYILYQLLKKHGHGPDGPDILTVKTGSKGVLYDDSFRKIYTDLGWKFTPL
Q6GZX3	MSIIGATRLQNDKSDTYSAGPCYAGGCSAFTPRGTCGKDWDLGEQTCASGFCTSQPLCARIKKTQVCGLRYSSKGKDPLVSAEWDSRGAPYVRCTYDADLIDTQAQVDQFVSMFGESPSLAERYCMRGVKNTAGELVSRVSSDADPAGGWCRKWYSAHRGPDQDAALGSFCIKNPGAADCKCINRASDPVYQKVKTLHAYPDQCWYVPCAADVGELKMGTQRDTPTNCPTQVCQIVFNMLDDGSVTMDDVKNTINCDFSKYVPPPPPPKPTPPTPPTPPTPPTPPTPPTPPTPRPVHNRKVMFFVAGAVLVAILISTVRW
Q197F8	MASNTVSAQGGSNRPVRDFSNIQDVAQFLLFDPIWNEQPGSIVPWKMNREQALAERYPELQTSEPSEDYSGPVESLELLPLEIKLDIMQYLSWEQISWCKHPWLWTRWYKDNVVRVSAITFEDFQREYAFPEKIQEIHFTDTRAEEIKAILETTPNVTRLVIRRIDDMNYNTHGDLGLDDLEFLTHLMVEDACGFTDFWAPSLTHLTIKNLDMHPRWFGPVMDGIKSMQSTLKYLYIFETYGVNKPFVQWCTDNIETFYCTNSYRYENVPRPIYVWVLFQEDEWHGYRVEDNKFHRRYMYSTILHKRDTDWVENNPLKTPAQVEMYKFLLRISQLNRDGTGYESDSDPENEHFDDESFSSGEEDSSDEDDPTWAPDSDDSDWETETEEEPSVAARILEKGKLTITNLMKSLGFKPKPKKIQSIDRYFCSLDSNYNSEDEDFEYDSDSEDDDSDSEDDC
Q197F7	MYQAINPCPQSWYGSPQLEREIVCKMSGAPHYPNYYPVHPNALGGAWFDTSLNARSLTTTPSLTTCTPPSLAACTPPTSLGMVDSPPHINPPRRIGTLCFDFGSAKSPQRCECVASDRPSTTSNTAPDTYRLLITNSKTRKNNYGTCRLEPLTYGI
Q6GZX2	MARPLLGKTSSVRRRLESLSACSIFFFLRKFCQKMASLVFLNSPVYQMSNILLTERRQVDRAMGGSDDDGVMVVALSPSDFKTVLGSALLAVERDMVHVVPKYLQTPGILHDMLVLLTPIFGEALSVDMSGATDVMVQQIATAGFVDVDPLHSSVSWKDNVSCPVALLAVSNAVRTMMGQPCQVTLIIDVGTQNILRDLVNLPVEMSGDLQVMAYTKDPLGKVPAVGVSVFDSGSVQKGDAHSVGAPDGLVSFHTHPVSSAVELNYHAGWPSNVDMSSLLTMKNLMHVVVAEEGLWTMARTLSMQRLTKVLTDAEKDVMRAAAFNLFLPLNELRVMGTKDSNNKSLKTYFEVFETFTIGALMKHSGVTPTAFVDRRWLDNTIYHMGFIPWGRDMRFVVEYDLDGTNPFLNTVPTLMSVKRKAKIQEMFDNMVSRMVTS
Q6GZX1	MNAKYDTDQGVGRMLFLGTIGLAVVVGGLMAYGYYYDGKTPSSGTSFHTASPSFSSRYRY
Q197F5	MRYTVLIALQGALLLLLLIDDGQGQSPYPYPGMPCNSSRQCGLGTCVHSRCAHCSSDGTLCSPEDPTMVWPCCPESSCQLVVGLPSLVNHYNCLPNQCTDSSQCPGGFGCMTRRSKCELCKADGEACNSPYLDWRKDKECCSGYCHTEARGLEGVCIDPKKIFCTPKNPWQLAPYPPSYHQPTTLRPPTSLYDSWLMSGFLVKSTTAPSTQEEEDDY
Q6GZX0	MQNPLPEVMSPEHDKRTTTPMSKEANKFIRELDKKPGDLAVVSDFVKRNTGKRLPIGKRSNLYVRICDLSGTIYMGETFILESWEELYLPEPTKMEVLGTLESCCGIPPFPEWIVMVGEDQCVYAYGDEEILLFAYSVKQLVEEGIQETGISYKYPDDISDVDEEVLQQDEEIQKIRKKTREFVDKDAQEFQDFLNSLDASLLS
Q91G88	MDSLNEVCYEQIKGTFYKGLFGDFPLIVDKKTGCFNATKLCVLGGKRFVDWNKTLRSKKLIQYYETRCDIKTESLLYEIKGDNNDEITKQITGTYLPKEFILDIASWISVEFYDKCNNIIINYFVNEYKTMDKKTLQSKINEVEEKMQKLLNEKEEELQEKNDKIDELILFSKRMEEDRKKDREMMIKQEKMLRELGIHLEDVSSQNNELIEKVDEQVEQNAVLNFKIDNIQNKLEIAVEDRAPQPKQNLKRERFILLKRNDDYYPYYTIRAQDINARSALKRQKNLYNEVSVLLDLTCHPNSKTLYVRVKDELKQKGVVFNLCKVSISNSKINEEELIKAMETINDEKRDV
Q6GZW9	MYKMYFLKDQKFSLSGTIRINDKTQSEYGSVWCPGLSITGLHHDAIDHNMFEEMETEIIEYLGPWVQAEYRRIKG
Q6GZW8	MRSIKPLRCCNAHGRHVSQEYGRCTLLLFREKLFLQTGLVCNKQCNAPNNDGAESKHHGIHHGSRGALALRGAGVHLLASAALGPRVLAGLVPTGRSVQGSVGQCGRVAQIGRARDVAARKQESYCEK
Q197F3	MEAKNITIDNTTYNFFKFYNINQPLTNLKYLNSERLCFSNAVMGKIVDDASTITITYHRVYFGISGPKPRQVADLGEYYDVNELLNYDTYTKTQEFAQKYNSLVKPTIDAKNWSGNELVLLVGNEWYCKTFGKAGSKNVFLYNMIPTIYRDEPQHQEQILKKFMFFNATKNVEQNPNFLDNVPEEYYHLLLPKSWVEKNLSDKYRKIMETEHKPLVFSCEPAFSFGLCRNTQDKNESYQLSLCLYEREKPRDAEIVWAAKYDELAAMVRDYLKKTPEFKKYRSFISCMKGLSWKNNEIGDKDGPKLYPKVIFNRKKGEFVTIFTKDDDVEPETIEDPRTILDRRCVVQAALRLESVFVHNKVAIQLRINDVLISEWKEASSKPQPLILRRHRFTKPSSSVAKSTSPSLRNSGSDESDLNQSDSDKEDERVVPVPKTKRIVKTVKLPN
Q197F2	MSFKVYDPIAELIATQFPTSNPDLQIINNDVLVVSPHKITLPMGPQNAGDVTNKAYVDQAVMSAAVPVASSTTVGTIQMAGDLEGSSGTNPIIAANKITLNKLQKIGPKMVIGNPNSDWNNTQEIELDSSFRIVDNRLNAGIVPISSTDPNKSNTVIPAPQQNGLFYLDSSGRVWVWAEHYYKCITPSRYISKWMGVGDFQELTVGQSVMWDSGRPSIETVSTQGLEVEWISSTNFTLSSLYLIPIVVKVTICIPLLGQPDQMAKFVLYSVSSAQQPRTGIVLTTDSSRSSAPIVSEYITVNWFEPKSYSVQLKEVNSDSGTTVTICSDKWLANPFLDCWITIEEVG
Q6GZW6	MDTSPYDFLKLYPWLSRGEADKGTLLDAFPGETFEQSLASDVAMRRAVQDDPAFGHQKLVETFLSEDTPYRELLLFHAPGTGKTCTVVSVAERAKEKGLTRGCIVLARGAALLRNFLHELVFNCGTGGRYIPEGYADMGDQERTRKMRKAVSSYYQFRTYETFAKSVATMSAEAIRARYDRFVIVMDEVHHLRSVQAEGVNTYSAISRFLRTVRGCVKMLLTGTPMTNEPGELADVLNLILPQDKTIRPEDGIFSNSGDLLKPDELAERVRGRVSYLKAARPDAGLTFAGEVLGGTGMTHLRLVRLEMSAFQSDAYASAWDQDAGDRNIFSNSRQCSLAVMPDRRWGSAAEARNPSQVRRMAGQNLAEYSVKYDYLVRVASSSPKTFAYCEYVNGSGLSLLSDILLANGWRRATGRETTPGKRFALLTASQKNIHKIVQRFNHEDNVDGAYISLLLGSRVVAEGLTFKEVRHTVILTPHWNYTETAQAIARSWRAGSHDRLKARGEAVAVTVHRLVAVPRGRDTPRSIDSDMYAVSEVKDKRIKAVERILMTSAADCSLLRSRNLYPSEFDGSRECEYGRCAYRCSNVSVEPGPLPALLGASAAEAVAQVRLDGGGDPAIMKVDMSTLWAEVTAGRRYVNRWGDGAVLRAEGGRLELSAPYGSSEEGRWGDFYKTRNLCYAKMDQDHLRADDLRDSLPQEVEELLTVSPVETIGETASAMPQEVATAILMACVQARADGKTLNVVRRDALLDFYKGFYAMGPSGWTVWLHARGANAKVYDGRRWNPADEDTLEFLAARSAKFTDTRIGYYGLYNPNLKDFCIRDVTQGKRDKVDLRKLTVGRRCVDWDQRTLVHIVARLMKIDGRRDFMPHATLREMRELAEQDPLHEPSDLTSKEACRRFLFWTQKGDNKFRRQDICKAMEKWFIENDLMEDNFDCGHQHKRRGKFA
Q91G85	MIKLFCVLAAFISINSACQSSHQQREEFTVATYHSSSICTTYCYSNCVVASQHKGLNVESYTCDKPDPYGRETVCKCTLIKCHDI
Q6GZW5	MKMDTDCRHWIVLASVPVLTVLAFKGEGALALAGLLVMAAVAMYRDRTEKKYSAARAPSPIAGHKTAYVTDPSAFAAGTVPVYPAPSNMGSDRFEGWVGGVLTGVGSSHLDHRKFAERQLVDRREKMVGYGWTKSFF
Q197E9	MMESPKYKKSTCSVTNLGGTCILPQKGATAPKAKDVSPELLVNKMDNLCQDWARTRNEYNKVHIEQAPTDSYFGVVHSHTPKKKYTSRDSDSEPEATSTRRSATAQRAANLKSSPVDQWSTTPPQPQPQPAAPTVKKTCASSPPAALSVKRTCTSPPPPPVLIDDDTGEDAFYDTNDPDIFYDIENGVSELETEGPKRPVYYQRNIRYPIDGSVPQESEQWYDPIDDEFLASSGDVVSLEPSPIAAFQPTPPKTVQFVPMPEEIIVPPPPPPKTVVDEGVQAMPYTVDQMIQTDFEESPLLANVNLRTIPIEEVNPNFSPVLMQDMVRDSFVFGTVAQRVMASQRVKQFFKELIEQDVSLAGRMCMDSGSPQLNLYNSLMGVKLLYRWRSSTTFYRAIVPEIDEPVQVMQDVLSSSEWAKFDSQAGIPPKMVYIHYKLLNDLVKTLICPNFQLTHAALVCVDCRPEAVGSDGLQDGRQRRCSNLVSEYHEMTLEDLFNTIKPADLNAKNIILSVLFQMLYAVATVQKQFGMGGLFANADSVHVRRIQPGGFWHYTVNGLRYSVPNYGYLVILTNFTDVVNYRPDFATTRYFGRRQAKVVPTRNWYKFVPFTTRYRPFVTVDPITQAKTTAYAPNPPTEGITINEFYKDSSDLRPSVPVDLNDMITFPVPEFHLTICRLFSFFSKFYDSNFIGNDPFVRNLVDRYSQPFEFPDVYWPEDGVSRVLACYTIEEIYPNWVDGDTDYVIESYNLD
Q6GZW4	MTSVKTIAMLAMLVIVAALIYMGYRTFTSMQSKLNELESRVNAPQLRPPVMSPIVPLNFIESEDLDKELD
