Warning: 'FLAM_C_short_' expected not found, skipping
Warning: 'MamRep605b' size 902 does not match expected size 901, skipping
