geneId	geneName	geneType	transcriptId	transcriptName	transcriptType	source	havanaGeneId	havanaTranscriptId	ccdsId	level	transcriptClass	proteinId	transcriptRank	tsl	tags
ENSG00000236196.4	NFKBIL1	protein_coding	ENST00000430501.2	NFKBIL1-002	protein_coding	HAVANA	OTTHUMG00000148995.2	OTTHUMT00000310027.1		2	coding		0		basic
ENSG00000236196.4	NFKBIL1	protein_coding	ENST00000455376.2	NFKBIL1-001	protein_coding	HAVANA	OTTHUMG00000148995.2	OTTHUMT00000310026.2		2	coding		0		basic
ENSG00000236196.4	NFKBIL1	protein_coding	ENST00000456607.2	NFKBIL1-003	protein_coding	HAVANA	OTTHUMG00000148995.2	OTTHUMT00000310029.1		2	coding		0		mRNA_end_NF
ENSG00000236196.4	NFKBIL1	protein_coding	ENST00000460420.1	NFKBIL1-004	processed_transcript	HAVANA	OTTHUMG00000148995.2	OTTHUMT00000310028.1		2	nonCoding		0		basic
ENSG00000236196.4	NFKBIL1	protein_coding	ENST00000464054.1	NFKBIL1-005	retained_intron	HAVANA	OTTHUMG00000148995.2	OTTHUMT00000310030.1		2	problem		0		
