Warning: annotations not mapped for these chromosomes, the maybe new patches/alt sequence not in UCSC: bogus1 wrong
