chr1	100	175	t1	0	+	gene1	4	5.5,0,0,0
chr2	100	325	t2	0	-	gene1	4	0,7.5,0,0
chr2	900	1000	t3	0	+	gene2	4	0,0,2,1
chr3	820	900	t4	0	+	gene2	4	0,0,0,7.33333
chr1	175	400	t5	0	-	gene3	4	5.5,0,0,0
chr2	800	980	t6	0	+	gene4	4	0,7.5,0,0
chr3	10	180	t7	0	-	gene5	4	0,0,2,1
chr1	80	90	t8	0	+	gene6	4	0,0,0,7.33333
chr2	9	19	t9	0	+	gene6	4	0,0,2,1
chr1	80	95	t10	0	-	gene7	4	0,0,0,7.33333
