#gg	x	y	z
a	0	0	0
b	0	0.316228	0.707107
c	0	0	0.707107
d	0	0.948683	0
