Found 1 problem:
warning: missing hub overview description page (descriptionUrl setting)
