                   	seqs	aligns
             total:	1	8
      drop overlap:	1	7
              kept:	1	1
