                   	seqs	aligns
             total:	2	11
        weird over:	1	2
   drop minAlnSize:	1	4
        kept weird:	1	2
              kept:	2	7
