a	0	255	0	0
b	0.143846	255	211	0
c	0.300769	74	255	0
d	0.470769	0	246	255
e	0.653846	19	0	255
f	0.85	255	0	218
