                   	seqs	aligns
             total:	7	19
        weird over:	2	7
     drop minCover:	1	1
      drop overlap:	5	9
        kept weird:	2	2
              kept:	7	9
