Warning: BC017206 + 0-1873  chr19.f0 + 100-4338 has overlapping exons at chr19.f0 4329
