                   	seqs	aligns
             total:	2	11
        weird over:	1	2
drop minNonRepSize:	2	6
        kept weird:	1	2
              kept:	1	5
