                   	seqs	aligns
             total:	31	473
        weird over:	1	4
    drop localBest:	25	333
        kept weird:	1	4
              kept:	31	140
