                   	seqs	aligns
             total:	6	60
        weird over:	1	4
    drop localBest:	3	45
        kept weird:	1	2
              kept:	6	15
