size	sf2.asf	sc35	srp40	srp55
G6820594@J909190_RC@j_at	113	3	5	3	1
G6813886@J909757@j_at	81	3	1	2	1
