1	P15711	1	1
2	Q43495	2	1
3	P18646	3	1
4	P13813	4	1
5	P19084	5	1
6	P13744	6	1
7	P13744	7	2
8	P32234	8	1
9	P21215	9	3
10	Q05349	10	1
11	P80438	11	3
12	P15455	12	1
13	P15455	13	1
14	P15455	14	1
15	P15455	15	4
16	P15456	12	1
17	P15456	16	1
18	P15456	14	1
19	P15456	15	5
20	O23878	17	6
21	O23880	17	1
22	Q9XFM4	18	1
23	Q9XFM4	19	7
24	P83004	20	8
25	P83004	21	9
