P15711	1	1
P15711	2	2
Q43495	3	3
Q43495	4	4
P18646	5	5
P18646	4	6
P19084	5	7
P19084	6	8
P19084	4	9
P13744	5	7
P13744	6	8
P13744	4	9
P32234	4	10
P21215	5	11
P21215	7	12
P21215	6	13
P21215	8	14
Q05349	9	15
P15455	5	7
P15455	6	8
P15455	10	16
P15455	4	9
P15456	5	7
P15456	6	8
P15456	4	9
O23878	5	17
O23878	6	18
O23878	3	19
O23878	2	20
O23878	8	21
O23878	4	9
O23880	5	17
O23880	6	18
O23880	8	21
O23880	4	9
Q9XFM4	5	17
Q9XFM4	6	18
Q9XFM4	11	22
Q9XFM4	4	9
P83004	5	23
P83004	6	18
P83004	3	24
P83004	4	9
