1	SUBCELLULAR LOCATION
2	DEVELOPMENTAL STAGE
3	TISSUE SPECIFICITY
4	SIMILARITY
5	FUNCTION
6	SUBUNIT
7	CATALYTIC ACTIVITY
8	MISCELLANEOUS
9	INDUCTION
10	ALTERNATIVE PRODUCTS
11	ALLERGEN
