P15711	1	924	103625	1990-04-01	1990-04-01	1992-08-01	0
Q43495	1	102	10576	1999-07-15	1999-07-15	1999-07-15	0
P18646	1	75	8523	1990-11-01	1990-11-01	2001-10-16	0
P13813	1	296	34077	1990-01-01	1990-01-01	2004-03-29	0
P19084	1	493	55687	1990-11-01	1990-11-01	2004-07-05	0
P13744	1	480	54625	1990-01-01	1990-01-01	2004-07-05	0
P32234	1	368	41129	1993-10-01	1993-10-01	2004-07-05	0
P21215	1	29	2900	1991-08-01	1991-08-01	2004-07-05	0
Q05349	1	111	12416	1996-10-01	1996-10-01	1997-11-01	0
P80438	1	24	2764	1995-11-01	1995-11-01	2004-07-05	0
P15455	1	472	52595	1990-04-01	2003-02-28	2004-10-25	0
P15456	1	455	50558	1990-04-01	2003-02-28	2004-10-25	0
O23878	1	565	64518	2003-10-10	2003-10-10	2004-07-05	0
O23880	1	504	57043	2003-10-10	2003-10-10	2004-07-05	0
Q9XFM4	1	538	61163	2003-10-10	2003-10-10	2004-10-25	0
P83004	1	194	21846	2003-10-10	2003-10-10	2004-07-05	0
