5875	Theileria parva	Eukaryota; Alveolata; Apicomplexa; Piroplasmida; Theileriidae; Theileria.
4081	Lycopersicon esculentum	Eukaryota; Viridiplantae; Streptophyta; Embryophyta; Tracheophyta; Spermatophyta; Magnoliophyta; eudicotyledons; core eudicots; asterids; lamiids; Solanales; Solanaceae; Solanum.
3917	Vigna unguiculata	Eukaryota; Viridiplantae; Streptophyta; Embryophyta; Tracheophyta; Spermatophyta; Magnoliophyta; eudicotyledons; core eudicots; rosids; eurosids I; Fabales; Fabaceae; Papilionoideae; Phaseoleae; Vigna.
5850	Plasmodium knowlesi	Eukaryota; Alveolata; Apicomplexa; Haemosporida; Plasmodium.
4232	Helianthus annuus	Eukaryota; Viridiplantae; Streptophyta; Embryophyta; Tracheophyta; Spermatophyta; Magnoliophyta; eudicotyledons; core eudicots; asterids; campanulids; Asterales; Asteraceae; Asteroideae; Heliantheae; Helianthus.
3661	Cucurbita maxima	Eukaryota; Viridiplantae; Streptophyta; Embryophyta; Tracheophyta; Spermatophyta; Magnoliophyta; eudicotyledons; core eudicots; rosids; eurosids I; Cucurbitales; Cucurbitaceae; Cucurbita.
7227	Drosophila melanogaster	Eukaryota; Metazoa; Arthropoda; Hexapoda; Insecta; Pterygota; Neoptera; Endopterygota; Diptera; Brachycera; Muscomorpha; Ephydroidea; Drosophilidae; Drosophila.
1507	Clostridium sp.	Bacteria; Firmicutes; Clostridia; Clostridiales; Clostridiaceae; Clostridium.
3747	Fragaria ananassa	Eukaryota; Viridiplantae; Streptophyta; Embryophyta; Tracheophyta; Spermatophyta; Magnoliophyta; eudicotyledons; core eudicots; rosids; eurosids I; Rosales; Rosaceae; Rosoideae; Fragaria.
1772	Mycobacterium smegmatis	Bacteria; Actinobacteria; Actinobacteridae; Actinomycetales; Corynebacterineae; Mycobacteriaceae; Mycobacterium.
3702	Arabidopsis thaliana	Eukaryota; Viridiplantae; Streptophyta; Embryophyta; Tracheophyta; Spermatophyta; Magnoliophyta; eudicotyledons; core eudicots; rosids; eurosids II; Brassicales; Brassicaceae; Arabidopsis.
3617	Fagopyrum esculentum	Eukaryota; Viridiplantae; Streptophyta; Embryophyta; Tracheophyta; Spermatophyta; Magnoliophyta; eudicotyledons; core eudicots; Caryophyllales; Polygonaceae; Fagopyrum.
