#gg	x	y	z
a	0	0	0
b	0	0.25	0.5
c	0	0	0.5
d	0	0.75	0
