                   	seqs	aligns
             total:	1	11
    drop localBest:	1	10
              kept:	1	1
